17:39:44 | INFO | Run dir: C:\Files\Models\CosySim\apps\TestSuite\results\run_005_20260329_173944_falsification
17:39:44 | INFO | Device: cuda | {'device': 'NVIDIA GeForce RTX 2060', 'vram_gb': 12.9, 'vram_used': 0.0}
17:39:44 | INFO | 
17:39:44 | INFO | THE QUESTION: Is it prime arithmetic structure specifically,
17:39:44 | INFO | or just having diverse non-geometric frequencies?
17:39:44 | INFO | Variants: ['prime_tiered', 'alibi', 'scrambled_prime', 'random_freq', 'composite_only']
17:39:44 | INFO |   SpectralALiBi (prime tiered + learnabl 17598816 params
17:39:44 | INFO |   ALiBi (standard, baseline)             17598720 params
17:39:44 | INFO |   Scrambled primes (same set, random tie 17598816 params
17:39:45 | INFO |   Random frequencies (same ranges, no pr 17598816 params
17:39:45 | INFO |   Composites only (anti-prime: highly di 17598816 params
17:40:44 | INFO | Train: 3902 chunks | Val: 236 chunks
18:39:11 | INFO | Training complete: 3507s
18:39:11 | INFO | falsification_convergence.png saved.
18:39:53 | INFO | ppl_vs_context.png saved.
18:39:53 | INFO | prime_tiered final PPL: 294.0
18:39:53 | INFO | 
18:39:53 | INFO | FALSIFICATION RESULTS:
18:39:53 | INFO |   NEUTRAL   Tier ordering matters (not just prime set)
18:39:53 | INFO |            scrambled_prime: -1.4 PPL (-0.5%)
18:39:53 | INFO |   SUPPORTS  Prime numbers specifically matter
18:39:53 | INFO |            random_freq: +2.4 PPL (+0.8%)
18:39:53 | INFO |   NEUTRAL   Multiplicative structure matters
18:39:53 | INFO |            composite_only: -1.9 PPL (-0.6%)
18:39:53 | INFO |   SUPPORTS  vs ALiBi baseline
18:39:53 | INFO |            alibi: +6.6 PPL (+2.3%)
18:39:53 | INFO | Results saved to: C:\Files\Models\CosySim\apps\TestSuite\results\run_005_20260329_173944_falsification\falsification
